[baseline-browser-mapping] The data in this module is over two months old.  To ensure accurate Baseline data, please update: `npm i baseline-browser-mapping@latest -D`
 ⚠ [next]/internal/font/google/inter_fa93af41.module.css
Error while requesting resource
There was an issue establishing a connection while requesting https://fonts.googleapis.com/css2?family=Inter:wght@100..900&display=swap

Import trace:
  Server Component:
    [next]/internal/font/google/inter_fa93af41.module.css
    [next]/internal/font/google/inter_fa93af41.js
    ./src/app/(site)/layout.tsx


 ⚠ [next]/internal/font/google/inter_fa93af41.module.css
next/font: warning:
Failed to download `Inter` from Google Fonts. Using fallback font instead.

Import trace:
  Server Component:
    [next]/internal/font/google/inter_fa93af41.module.css
    [next]/internal/font/google/inter_fa93af41.js
    ./src/app/(site)/layout.tsx


 ⚠ [next]/internal/font/google/inter_fa93af41.module.css
Error while requesting resource
There was an issue establishing a connection while requesting https://fonts.googleapis.com/css2?family=Inter:wght@100..900&display=swap

Import trace:
  Server Component:
    [next]/internal/font/google/inter_fa93af41.module.css
    [next]/internal/font/google/inter_fa93af41.js
    ./src/app/(site)/layout.tsx


 ⚠ [next]/internal/font/google/inter_fa93af41.module.css
next/font: warning:
Failed to download `Inter` from Google Fonts. Using fallback font instead.

Import trace:
  Server Component:
    [next]/internal/font/google/inter_fa93af41.module.css
    [next]/internal/font/google/inter_fa93af41.js
    ./src/app/(site)/layout.tsx


 ⚠ [next]/internal/font/google/inter_fa93af41.module.css
Error while requesting resource
There was an issue establishing a connection while requesting https://fonts.googleapis.com/css2?family=Inter:wght@100..900&display=swap

Import trace:
  Server Component:
    [next]/internal/font/google/inter_fa93af41.module.css
    [next]/internal/font/google/inter_fa93af41.js
    ./src/app/(site)/layout.tsx


 ⚠ [next]/internal/font/google/inter_fa93af41.module.css
next/font: warning:
Failed to download `Inter` from Google Fonts. Using fallback font instead.

Import trace:
  Server Component:
    [next]/internal/font/google/inter_fa93af41.module.css
    [next]/internal/font/google/inter_fa93af41.js
    ./src/app/(site)/layout.tsx


 ⚠ [next]/internal/font/google/inter_fa93af41.module.css
Error while requesting resource
There was an issue establishing a connection while requesting https://fonts.googleapis.com/css2?family=Inter:wght@100..900&display=swap

Import trace:
  Server Component:
    [next]/internal/font/google/inter_fa93af41.module.css
    [next]/internal/font/google/inter_fa93af41.js
    ./src/app/(site)/layout.tsx


 ⚠ [next]/internal/font/google/inter_fa93af41.module.css
next/font: warning:
Failed to download `Inter` from Google Fonts. Using fallback font instead.

Import trace:
  Server Component:
    [next]/internal/font/google/inter_fa93af41.module.css
    [next]/internal/font/google/inter_fa93af41.js
    ./src/app/(site)/layout.tsx


 ⚠ [next]/internal/font/google/inter_fa93af41.module.css
Error while requesting resource
There was an issue establishing a connection while requesting https://fonts.googleapis.com/css2?family=Inter:wght@100..900&display=swap

Import trace:
  Server Component:
    [next]/internal/font/google/inter_fa93af41.module.css
    [next]/internal/font/google/inter_fa93af41.js
    ./src/app/(site)/layout.tsx


 ⚠ [next]/internal/font/google/inter_fa93af41.module.css
next/font: warning:
Failed to download `Inter` from Google Fonts. Using fallback font instead.

Import trace:
  Server Component:
    [next]/internal/font/google/inter_fa93af41.module.css
    [next]/internal/font/google/inter_fa93af41.js
    ./src/app/(site)/layout.tsx


 ⚠ [next]/internal/font/google/inter_fa93af41.module.css
Error while requesting resource
There was an issue establishing a connection while requesting https://fonts.googleapis.com/css2?family=Inter:wght@100..900&display=swap

Import trace:
  Server Component:
    [next]/internal/font/google/inter_fa93af41.module.css
    [next]/internal/font/google/inter_fa93af41.js
    ./src/app/(site)/layout.tsx


 ⚠ [next]/internal/font/google/inter_fa93af41.module.css
next/font: warning:
Failed to download `Inter` from Google Fonts. Using fallback font instead.

Import trace:
  Server Component:
    [next]/internal/font/google/inter_fa93af41.module.css
    [next]/internal/font/google/inter_fa93af41.js
    ./src/app/(site)/layout.tsx


 ⚠ [next]/internal/font/google/inter_fa93af41.module.css
Error while requesting resource
There was an issue establishing a connection while requesting https://fonts.googleapis.com/css2?family=Inter:wght@100..900&display=swap

Import trace:
  Server Component:
    [next]/internal/font/google/inter_fa93af41.module.css
    [next]/internal/font/google/inter_fa93af41.js
    ./src/app/(site)/layout.tsx


 ⚠ [next]/internal/font/google/inter_fa93af41.module.css
next/font: warning:
Failed to download `Inter` from Google Fonts. Using fallback font instead.

Import trace:
  Server Component:
    [next]/internal/font/google/inter_fa93af41.module.css
    [next]/internal/font/google/inter_fa93af41.js
    ./src/app/(site)/layout.tsx


 ⚠ [next]/internal/font/google/inter_fa93af41.module.css
Error while requesting resource
There was an issue establishing a connection while requesting https://fonts.googleapis.com/css2?family=Inter:wght@100..900&display=swap

Import trace:
  Server Component:
    [next]/internal/font/google/inter_fa93af41.module.css
    [next]/internal/font/google/inter_fa93af41.js
    ./src/app/(site)/layout.tsx


 ⚠ [next]/internal/font/google/inter_fa93af41.module.css
next/font: warning:
Failed to download `Inter` from Google Fonts. Using fallback font instead.

Import trace:
  Server Component:
    [next]/internal/font/google/inter_fa93af41.module.css
    [next]/internal/font/google/inter_fa93af41.js
    ./src/app/(site)/layout.tsx


 ⚠ [next]/internal/font/google/inter_fa93af41.module.css
Error while requesting resource
There was an issue establishing a connection while requesting https://fonts.googleapis.com/css2?family=Inter:wght@100..900&display=swap

Import trace:
  Server Component:
    [next]/internal/font/google/inter_fa93af41.module.css
    [next]/internal/font/google/inter_fa93af41.js
    ./src/app/(site)/layout.tsx


 ⚠ [next]/internal/font/google/inter_fa93af41.module.css
next/font: warning:
Failed to download `Inter` from Google Fonts. Using fallback font instead.

Import trace:
  Server Component:
    [next]/internal/font/google/inter_fa93af41.module.css
    [next]/internal/font/google/inter_fa93af41.js
    ./src/app/(site)/layout.tsx


 ⚠ [next]/internal/font/google/inter_fa93af41.module.css
Error while requesting resource
There was an issue establishing a connection while requesting https://fonts.googleapis.com/css2?family=Inter:wght@100..900&display=swap

Import trace:
  Server Component:
    [next]/internal/font/google/inter_fa93af41.module.css
    [next]/internal/font/google/inter_fa93af41.js
    ./src/app/(site)/layout.tsx


 ⚠ [next]/internal/font/google/inter_fa93af41.module.css
next/font: warning:
Failed to download `Inter` from Google Fonts. Using fallback font instead.

Import trace:
  Server Component:
    [next]/internal/font/google/inter_fa93af41.module.css
    [next]/internal/font/google/inter_fa93af41.js
    ./src/app/(site)/layout.tsx


 ⚠ [next]/internal/font/google/inter_fa93af41.module.css
Error while requesting resource
There was an issue establishing a connection while requesting https://fonts.googleapis.com/css2?family=Inter:wght@100..900&display=swap

Import trace:
  Server Component:
    [next]/internal/font/google/inter_fa93af41.module.css
    [next]/internal/font/google/inter_fa93af41.js
    ./src/app/(site)/layout.tsx


 ⚠ [next]/internal/font/google/inter_fa93af41.module.css
next/font: warning:
Failed to download `Inter` from Google Fonts. Using fallback font instead.

Import trace:
  Server Component:
    [next]/internal/font/google/inter_fa93af41.module.css
    [next]/internal/font/google/inter_fa93af41.js
    ./src/app/(site)/layout.tsx


 ⚠ [next]/internal/font/google/inter_fa93af41.module.css
Error while requesting resource
There was an issue establishing a connection while requesting https://fonts.googleapis.com/css2?family=Inter:wght@100..900&display=swap

Import trace:
  Server Component:
    [next]/internal/font/google/inter_fa93af41.module.css
    [next]/internal/font/google/inter_fa93af41.js
    ./src/app/(site)/layout.tsx


 ⚠ [next]/internal/font/google/inter_fa93af41.module.css
next/font: warning:
Failed to download `Inter` from Google Fonts. Using fallback font instead.

Import trace:
  Server Component:
    [next]/internal/font/google/inter_fa93af41.module.css
    [next]/internal/font/google/inter_fa93af41.js
    ./src/app/(site)/layout.tsx


 ⚠ [next]/internal/font/google/inter_fa93af41.module.css
Error while requesting resource
There was an issue establishing a connection while requesting https://fonts.googleapis.com/css2?family=Inter:wght@100..900&display=swap

Import trace:
  Server Component:
    [next]/internal/font/google/inter_fa93af41.module.css
    [next]/internal/font/google/inter_fa93af41.js
    ./src/app/(site)/layout.tsx


 ⚠ [next]/internal/font/google/inter_fa93af41.module.css
next/font: warning:
Failed to download `Inter` from Google Fonts. Using fallback font instead.

Import trace:
  Server Component:
    [next]/internal/font/google/inter_fa93af41.module.css
    [next]/internal/font/google/inter_fa93af41.js
    ./src/app/(site)/layout.tsx


 ⚠ [next]/internal/font/google/inter_fa93af41.module.css
Error while requesting resource
There was an issue establishing a connection while requesting https://fonts.googleapis.com/css2?family=Inter:wght@100..900&display=swap

Import trace:
  Server Component:
    [next]/internal/font/google/inter_fa93af41.module.css
    [next]/internal/font/google/inter_fa93af41.js
    ./src/app/(site)/layout.tsx


 ⚠ [next]/internal/font/google/inter_fa93af41.module.css
next/font: warning:
Failed to download `Inter` from Google Fonts. Using fallback font instead.

Import trace:
  Server Component:
    [next]/internal/font/google/inter_fa93af41.module.css
    [next]/internal/font/google/inter_fa93af41.js
    ./src/app/(site)/layout.tsx


 ⚠ [next]/internal/font/google/inter_fa93af41.module.css
Error while requesting resource
There was an issue establishing a connection while requesting https://fonts.googleapis.com/css2?family=Inter:wght@100..900&display=swap

Import trace:
  Server Component:
    [next]/internal/font/google/inter_fa93af41.module.css
    [next]/internal/font/google/inter_fa93af41.js
    ./src/app/(site)/layout.tsx


 ⚠ [next]/internal/font/google/inter_fa93af41.module.css
next/font: warning:
Failed to download `Inter` from Google Fonts. Using fallback font instead.

Import trace:
  Server Component:
    [next]/internal/font/google/inter_fa93af41.module.css
    [next]/internal/font/google/inter_fa93af41.js
    ./src/app/(site)/layout.tsx


 ⚠ [next]/internal/font/google/inter_fa93af41.module.css
Error while requesting resource
There was an issue establishing a connection while requesting https://fonts.googleapis.com/css2?family=Inter:wght@100..900&display=swap

Import trace:
  Server Component:
    [next]/internal/font/google/inter_fa93af41.module.css
    [next]/internal/font/google/inter_fa93af41.js
    ./src/app/(site)/layout.tsx


 ⚠ [next]/internal/font/google/inter_fa93af41.module.css
next/font: warning:
Failed to download `Inter` from Google Fonts. Using fallback font instead.

Import trace:
  Server Component:
    [next]/internal/font/google/inter_fa93af41.module.css
    [next]/internal/font/google/inter_fa93af41.js
    ./src/app/(site)/layout.tsx


 ⚠ [next]/internal/font/google/inter_fa93af41.module.css
Error while requesting resource
There was an issue establishing a connection while requesting https://fonts.googleapis.com/css2?family=Inter:wght@100..900&display=swap

Import trace:
  Server Component:
    [next]/internal/font/google/inter_fa93af41.module.css
    [next]/internal/font/google/inter_fa93af41.js
    ./src/app/(site)/layout.tsx


 ⚠ [next]/internal/font/google/inter_fa93af41.module.css
next/font: warning:
Failed to download `Inter` from Google Fonts. Using fallback font instead.

Import trace:
  Server Component:
    [next]/internal/font/google/inter_fa93af41.module.css
    [next]/internal/font/google/inter_fa93af41.js
    ./src/app/(site)/layout.tsx


